// Jest Snapshot v1, https://goo.gl/fbAQLP

exports[`UserRepos renders as expected 1`] = `
<div
  className="sc-AxhUy kgzkpi"
>
  <div
    className="sc-AxjAm whBCV profile-info"
  >
    <img
      alt="Profile img"
      src="https://velikirecnik.com/wp-content/uploads/2017/11/Avatar.jpeg"
    />
    <div>
      <div>
        <span>
          Username
        </span>
        <span
          className="user-data"
        >
          storiez
        </span>
      </div>
      <div>
        <span>
          Name
        </span>
        <span
          className="user-data"
        >
          Some user
        </span>
      </div>
      <div>
        <span>
          Github Profile:
        </span>
        <span
          className="user-data"
        >
          <a
            className="sc-AxirZ ldeUjV"
            href="https://velikirecnik.com/wp-content/uploads/2017/11/Avatar.jpeg"
          >
            https://velikirecnik.com/wp-content/uploads/2017/11/Avatar.jpeg
          </a>
        </span>
      </div>
    </div>
  </div>
  <div>
    <div
      className="sc-AxiKw jOphat"
    >
      <input
        onChange={[Function]}
        placeholder="Search repos"
        value=""
      />
    </div>
    <ul
      className="sc-AxhCb ivQGmQ"
    >
      <li>
        <a
          className="sc-AxirZ ldeUjV"
          href="https://google.com"
        >
          some repo 1
        </a>
      </li>
      <li>
        <a
          className="sc-AxirZ ldeUjV"
          href="https://google.com"
        >
          some repo 2
        </a>
      </li>
      <li>
        <a
          className="sc-AxirZ ldeUjV"
          href="https://google.com"
        >
          some repo 3
        </a>
      </li>
    </ul>
  </div>
</div>
`;
